┏━━━━━━━━━━━━━━━━━━━━━━┳━━━━━━━━━━┳━━━━━━━━━━┳━━━━━━━━━━┳━━━━━━━━━━┳━━━━━━━━━━━┳━━━━━━━━━━┳━━━━━━━━━━━┳━━━━━━━━━━┳━━━━━━━━━━━┳━━━━━━━━━━┳━━━━━━━━━━━┳━━━━━━━━━━┓
┃                      ┃ Hold     ┃ Reg to   ┃          ┃          ┃ of which  ┃ Setup    ┃           ┃          ┃           ┃ of which ┃           ┃          ┃
┃                      ┃ Worst    ┃ Reg      ┃          ┃ Hold Vio ┃ reg to    ┃ Worst    ┃ Reg to    ┃ Setup    ┃ Setup Vio ┃ reg to   ┃ Max Cap   ┃ Max Slew ┃
┃ Corner/Group         ┃ Slack    ┃ Paths    ┃ Hold TNS ┃ Count    ┃ reg       ┃ Slack    ┃ Reg Paths ┃ TNS      ┃ Count     ┃ reg      ┃ Violatio… ┃ Violati… ┃
┡━━━━━━━━━━━━━━━━━━━━━━╇━━━━━━━━━━╇━━━━━━━━━━╇━━━━━━━━━━╇━━━━━━━━━━╇━━━━━━━━━━━╇━━━━━━━━━━╇━━━━━━━━━━━╇━━━━━━━━━━╇━━━━━━━━━━━╇━━━━━━━━━━╇━━━━━━━━━━━╇━━━━━━━━━━┩
│ Overall              │ 0.2541   │ 0.2541   │ 0.0000   │ 0        │ 0         │ 0.2524   │ 0.2524    │ 0.0000   │ 0         │ 0        │ 135       │ 7345     │
│ nom_tt_025C_1v80     │ 0.4217   │ 0.4217   │ 0.0000   │ 0        │ 0         │ 9.1854   │ 10.5393   │ 0.0000   │ 0         │ 0        │ 0         │ 21       │
│ nom_ss_100C_1v60     │ 0.8648   │ 0.8648   │ 0.0000   │ 0        │ 0         │ 0.8498   │ 0.8498    │ 0.0000   │ 0         │ 0        │ 104       │ 4532     │
│ nom_ff_n40C_1v95     │ 0.2556   │ 0.2556   │ 0.0000   │ 0        │ 0         │ 10.9976  │ 14.1923   │ 0.0000   │ 0         │ 0        │ 0         │ 0        │
│ min_tt_025C_1v80     │ 0.4190   │ 0.4190   │ 0.0000   │ 0        │ 0         │ 9.4797   │ 10.8507   │ 0.0000   │ 0         │ 0        │ 0         │ 0        │
│ min_ss_100C_1v60     │ 0.8612   │ 0.8612   │ 0.0000   │ 0        │ 0         │ 1.2668   │ 1.2668    │ 0.0000   │ 0         │ 0        │ 68        │ 2338     │
│ min_ff_n40C_1v95     │ 0.2541   │ 0.2541   │ 0.0000   │ 0        │ 0         │ 11.0191  │ 14.4347   │ 0.0000   │ 0         │ 0        │ 0         │ 0        │
│ max_tt_025C_1v80     │ 0.4213   │ 0.4213   │ 0.0000   │ 0        │ 0         │ 8.9568   │ 10.1110   │ 0.0000   │ 0         │ 0        │ 13        │ 851      │
│ max_ss_100C_1v60     │ 0.8666   │ 0.8666   │ 0.0000   │ 0        │ 0         │ 0.2524   │ 0.2524    │ 0.0000   │ 0         │ 0        │ 135       │ 7345     │
│ max_ff_n40C_1v95     │ 0.2555   │ 0.2555   │ 0.0000   │ 0        │ 0         │ 10.9711  │ 13.8432   │ 0.0000   │ 0         │ 0        │ 0         │ 66       │
└──────────────────────┴──────────┴──────────┴──────────┴──────────┴───────────┴──────────┴───────────┴──────────┴───────────┴──────────┴───────────┴──────────┘
