┏━━━━━━━┳━━━━━━━━━┳━━━━━━━━━━┳━━━━━━━━━━━━━━━━━━━━━━━━━━━━━━┳━━━━━━━━━━━━━━━━━┳━━━━━━━┓
┃ P / R ┃ Partial ┃ Required ┃ Net                          ┃ Pin             ┃ Layer ┃
┡━━━━━━━╇━━━━━━━━━╇━━━━━━━━━━╇━━━━━━━━━━━━━━━━━━━━━━━━━━━━━━╇━━━━━━━━━━━━━━━━━╇━━━━━━━┩
│ 3.13  │ 1253.82 │ 400.00   │ _07574_                      │ clone13/A0      │ met3  │
│ 1.74  │ 694.28  │ 400.00   │ u_datapath.ex_exception[41\] │ _27753_/A0      │ met1  │
│ 1.50  │ 598.63  │ 400.00   │ net342                       │ output342/A     │ met1  │
│ 1.45  │ 578.50  │ 400.00   │ u_datapath.ex_exception[62\] │ _15733_/A       │ met1  │
│ 1.42  │ 567.89  │ 400.00   │ _13804_                      │ _28042_/A       │ met1  │
│ 1.23  │ 491.50  │ 400.00   │ net387                       │ _21015_/S       │ met1  │
│ 1.14  │ 455.18  │ 400.00   │ _07611_                      │ clone42/A0      │ met3  │
│ 1.13  │ 450.88  │ 400.00   │ net238                       │ _19968_/C1      │ met3  │
│ 1.12  │ 449.07  │ 400.00   │ net742                       │ _31840_/RESET_B │ met2  │
│ 1.01  │ 402.28  │ 400.00   │ u_datapath.ex_exception[60\] │ _23689_/A1      │ met1  │
└───────┴─────────┴──────────┴──────────────────────────────┴─────────────────┴───────┘
