┏━━━━━━━┳━━━━━━━━━┳━━━━━━━━━━┳━━━━━━━━━━━━━━━━━━━━━━━━━━━━━━━━━┳━━━━━━━━━━━━━┳━━━━━━━┓
┃ P / R ┃ Partial ┃ Required ┃ Net                             ┃ Pin         ┃ Layer ┃
┡━━━━━━━╇━━━━━━━━━╇━━━━━━━━━━╇━━━━━━━━━━━━━━━━━━━━━━━━━━━━━━━━━╇━━━━━━━━━━━━━╇━━━━━━━┩
│ 8.37  │ 3348.53 │ 400.00   │ _07651_                         │ clone6/A3   │ met3  │
│ 4.32  │ 1727.97 │ 400.00   │ net842                          │ clone6/A2   │ met3  │
│ 3.07  │ 1229.06 │ 400.00   │ u_datapath.fetch_payload[94\]   │ _20125_/A0  │ met1  │
│ 2.83  │ 1132.93 │ 400.00   │ _07593_                         │ clone41/A1  │ met3  │
│ 2.70  │ 1080.83 │ 400.00   │ _06610_                         │ clone65/A   │ met3  │
│ 2.62  │ 1048.17 │ 400.00   │ _07583_                         │ _21912_/A1  │ met1  │
│ 2.32  │ 926.37  │ 400.00   │ net774                          │ clone43/S   │ met3  │
│ 1.90  │ 758.35  │ 400.00   │ _07048_                         │ clone53/S   │ met3  │
│ 1.54  │ 617.00  │ 400.00   │ _07653_                         │ _23762_/A1  │ met1  │
│ 1.54  │ 617.00  │ 400.00   │ _07653_                         │ _24717_/A0  │ met1  │
│ 1.51  │ 605.16  │ 400.00   │ _07048_                         │ clone41/S   │ met3  │
│ 1.45  │ 579.26  │ 400.00   │ net774                          │ _16110_/S   │ met3  │
│ 1.23  │ 490.76  │ 400.00   │ u_datapath.mem_wb_payload[240\] │ clone68/A1  │ met3  │
│ 1.18  │ 471.14  │ 400.00   │ net390                          │ _23182_/S   │ met2  │
│ 1.13  │ 451.39  │ 400.00   │ _07527_                         │ _23769_/A1  │ met1  │
│ 1.11  │ 445.93  │ 400.00   │ net134                          │ output134/A │ met1  │
│ 1.10  │ 440.21  │ 400.00   │ _06608_                         │ clone68/C1  │ met3  │
│ 1.06  │ 425.01  │ 400.00   │ net342                          │ output342/A │ met1  │
└───────┴─────────┴──────────┴─────────────────────────────────┴─────────────┴───────┘
